// Jest Snapshot v1, https://goo.gl/fbAQLP

exports[`renders correctly 1`] = `
<Text
  style={
    [
      {
        "color": "#11181C",
      },
      {
        "fontSize": 32,
        "lineHeight": 39.42857142857143,
      },
      undefined,
      undefined,
      undefined,
      undefined,
      undefined,
    ]
  }
>
  Snapshot test!
</Text>
`;
